// Jest Snapshot v1, https://goo.gl/fbAQLP

exports[`<Dropdown /> should match snapshot 1`] = `
<DocumentFragment>
  <div
    class="Dropdown"
  >
    <label
      class="Label"
      data-testid="label"
      for="selectId"
    >
      labelText
    </label>
    <select
      class="Select"
      id="selectId"
    >
      <option
        value="Option 1"
      >
        Option 1
      </option>
      <option
        value="Option 2"
      >
        Option 2
      </option>
      <option
        value="Option 3"
      >
        Option 3
      </option>
    </select>
  </div>
</DocumentFragment>
`;
